<html>
<body>
<pre>
<h1>礦ision Build Log</h1>
<h2>Tool Versions:</h2>
IDE-Version: μVision V5.14.0.0
Copyright (C) 2015 ARM Ltd and ARM Germany GmbH. All rights reserved.
License Information: 1 AutoBVT, Microsoft, LIC=ZB445-GXYKH-2LMCT-RTXJ6-6BJKA-JGEDC
 
Tool Versions:
Toolchain:       MDK-ARM Standard  Version: 5.14.0.0
Toolchain Path:  C:\Keil_v5\ARM\ARMCC\Bin
C Compiler:      Armcc.exe V5.05 update 1 (build 106)
Assembler:       Armasm.exe V5.05 update 1 (build 106)
Linker/Locator:  ArmLink.exe V5.05 update 1 (build 106)
Library Manager: ArmAr.exe V5.05 update 1 (build 106)
Hex Converter:   FromElf.exe V5.05 update 1 (build 106)
CPU DLL:         SARMCM3.DLL V5.14.0.0
Dialog DLL:      DCM.DLL V1.13.1.0
Target DLL:      Segger\JL2CM3.dll V2.99.13.0
Dialog DLL:      TCM.DLL V1.14.4.0
 
<h2>Project:</h2>
C:\Users\stl\Desktop\过往代码\实验4 外部中断\综合实验\USER\LED.uvprojx
Project File Date:  06/27/2021

<h2>Output:</h2>
Build target 'LED'
compiling main.c...
main.c(30): warning:  #167-D: argument of type "unsigned char *" is incompatible with parameter of type "char *restrict"
        sprintf(a, "%d ms", led_delay);
main.c(57): warning:  #167-D: argument of type "unsigned char *" is incompatible with parameter of type "char *restrict"
                sprintf(a, "%d ms", led_delay);
main.c(78): warning:  #167-D: argument of type "unsigned char *" is incompatible with parameter of type "char *restrict"
                sprintf(a, "%d ms", led_delay);
main.c: 3 warnings, 0 errors
compiling exti.c...
linking...
..\OBJ\LED.axf: Warning: L6304W: Duplicate input file ..\obj\exti_1.o ignored.
Program Size: Code=4044 RO-data=424 RW-data=16 ZI-data=1832  
Finished: 0 information, 1 warning and 0 error messages.
FromELF: creating hex file...
"..\OBJ\LED.axf" - 0 Error(s), 4 Warning(s).

<h2>Collection of Component include folders:</h2>
  C:\Users\stl\Desktop\过往代码\实验4 外部中断\综合实验\USER\RTE
  C:\Keil_v5\ARM\PACK\Keil\STM32F4xx_DFP\1.0.8\Device\Include

<h2>Collection of Component Files used:</h2>
</pre>
</body>
</html>
